13:45:08 **** Build of configuration Default for project CantaviStreamerApp7 ****
make all 
arm-linux-gnueabihf-gcc -Isrc/include --std=gnu99 -O0 -c -o src/ui_control.o src/ui_control.c
src/ui_control.c: In function 'net_to_axi_mq_writer':
src/ui_control.c:239:24: warning: passing argument 1 of 'udp_client_recv' from incompatible pointer type [-Wincompatible-pointer-types]
    n = udp_client_recv(buffer, UDP_PKT_SIZE);
                        ^~~~~~
In file included from src/include/ui_control.h:27:0,
                 from src/ui_control.c:14:
src/include/udpclient.h:38:5: note: expected 'unsigned int *' but argument is of type 'char *'
 int udp_client_recv(unsigned *buffer,int buffer_size );
     ^~~~~~~~~~~~~~~
src/ui_control.c: In function 'ui_input_reader':
src/ui_control.c:283:3: warning: implicit declaration of function 'oled_clear' [-Wimplicit-function-declaration]
   oled_clear(zedboard_oled_params_0.base_address);
   ^~~~~~~~~~
src/ui_control.c:285:4: warning: implicit declaration of function 'oled_print_message' [-Wimplicit-function-declaration]
    oled_print_message(&menuBuf[0], 0, zedboard_oled_params_0.base_address);
    ^~~~~~~~~~~~~~~~~~
src/ui_control.c:311:13: warning: implicit declaration of function 'update_leds' [-Wimplicit-function-declaration]
             update_leds();
             ^~~~~~~~~~~
src/ui_control.c:312:13: warning: implicit declaration of function 'ui_vol_draw'; did you mean 'ui_draw'? [-Wimplicit-function-declaration]
             ui_vol_draw();
             ^~~~~~~~~~~
             ui_draw
src/ui_control.c:847:14: warning: implicit declaration of function 'time_sync_en'; did you mean 'set_sync_on'? [-Wimplicit-function-declaration]
              time_sync_en(time_sync_base_0);
              ^~~~~~~~~~~~
              set_sync_on
src/ui_control.c:849:14: warning: implicit declaration of function 'time_sync_tx_en' [-Wimplicit-function-declaration]
              time_sync_tx_en(full_udp_stack_ip_base_0);
              ^~~~~~~~~~~~~~~
src/ui_control.c:859:5: warning: implicit declaration of function 'time_sync_off'; did you mean 'set_sync_off'? [-Wimplicit-function-declaration]
     time_sync_off(time_sync_base_0);
     ^~~~~~~~~~~~~
     set_sync_off
src/ui_control.c:869:38: warning: implicit declaration of function 'set_sync_rst'; did you mean 'set_sync_off'? [-Wimplicit-function-declaration]
                                      set_sync_rst(time_sync_base_0);
                                      ^~~~~~~~~~~~
                                      set_sync_off
src/ui_control.c:882:26: warning: implicit declaration of function 'set_sync_pkt_dly'; did you mean 'set_sync_off'? [-Wimplicit-function-declaration]
                          set_sync_pkt_dly(time_sync_base_0,tmp);
                          ^~~~~~~~~~~~~~~~
                          set_sync_off
src/ui_control.c:893:6: warning: implicit declaration of function 'initiate_sync'; did you mean 'initstate_r'? [-Wimplicit-function-declaration]
      initiate_sync(time_sync_base_0);
      ^~~~~~~~~~~~~
      initstate_r
src/ui_control.c:1027:5: warning: implicit declaration of function 'extractMacAddress' [-Wimplicit-function-declaration]
     extractMacAddress(ip,&macAddress[0]);
     ^~~~~~~~~~~~~~~~~
src/ui_control.c:1042:11: warning: implicit declaration of function 'extractIpAddress' [-Wimplicit-function-declaration]
           extractIpAddress(ip,&ipAddress[0]);
           ^~~~~~~~~~~~~~~~
src/ui_control.c:1287:17: warning: implicit declaration of function 'set_stream_rx_buf_slack'; did you mean 'set_stream_rx_buf_dlim'? [-Wimplicit-function-declaration]
                 set_stream_rx_buf_slack(eth_to_audio_base_0,tmp);//in micro seconds
                 ^~~~~~~~~~~~~~~~~~~~~~~
                 set_stream_rx_buf_dlim
src/ui_control.c:1297:23: warning: implicit declaration of function 'set_stream_rx_buf_docc_lim'; did you mean 'set_stream_rx_buf_dlim'? [-Wimplicit-function-declaration]
                       set_stream_rx_buf_docc_lim(eth_to_audio_base_0,tmp);//in micro seconds
                       ^~~~~~~~~~~~~~~~~~~~~~~~~~
                       set_stream_rx_buf_dlim
src/ui_control.c:1344:16: warning: implicit declaration of function 'set_stream_pkt_send_delay_enable'; did you mean 'set_stream_pkt_send_delay'? [-Wimplicit-function-declaration]
                set_stream_pkt_send_delay_enable(eth_packet_sequencer_base_0);//in micro seconds
                ^~~~~~~~~~~~~~~~~~~~~~~~~~~~~~~~
                set_stream_pkt_send_delay
src/ui_control.c:1357:14: warning: implicit declaration of function 'set_stream_pkt_send_delay_disable'; did you mean 'set_stream_pkt_send_delay'? [-Wimplicit-function-declaration]
              set_stream_pkt_send_delay_disable(eth_packet_sequencer_base_0);//in micro seconds
              ^~~~~~~~~~~~~~~~~~~~~~~~~~~~~~~~~
              set_stream_pkt_send_delay
src/ui_control.c:1389:10: warning: implicit declaration of function 'get_playout_delay'; did you mean 'set_playout_delay'? [-Wimplicit-function-declaration]
    tmp = get_playout_delay(eth_to_audio_base_0);
          ^~~~~~~~~~~~~~~~~
          set_playout_delay
src/ui_control.c:1415:10: warning: implicit declaration of function 'get_sync_time'; did you mean 'set_sync_off'? [-Wimplicit-function-declaration]
    tmp = get_sync_time(eth_to_audio_base_0);
          ^~~~~~~~~~~~~
          set_sync_off
src/ui_control.c:1417:4: warning: implicit declaration of function 'get_all_eth2audio' [-Wimplicit-function-declaration]
    get_all_eth2audio(eth_to_audio_base_0);
    ^~~~~~~~~~~~~~~~~
src/ui_control.c:1429:17: warning: implicit declaration of function 'get_rx_time_code'; did you mean 'set_xtest_mode'? [-Wimplicit-function-declaration]
          tmp =  get_rx_time_code(eth_to_audio_base_0);
                 ^~~~~~~~~~~~~~~~
                 set_xtest_mode
src/ui_control.c:1443:12: warning: implicit declaration of function 'get_rx_time_code_eff'; did you mean 'set_xtest_mode_off'? [-Wimplicit-function-declaration]
     tmp =  get_rx_time_code_eff(eth_to_audio_base_0);
            ^~~~~~~~~~~~~~~~~~~~
            set_xtest_mode_off
src/ui_control.c:1457:11: warning: implicit declaration of function 'get_rx_time_code_occ'; did you mean 'set_xtest_mode_off'? [-Wimplicit-function-declaration]
    tmp =  get_rx_time_code_occ(eth_to_audio_base_0);
           ^~~~~~~~~~~~~~~~~~~~
           set_xtest_mode_off
src/ui_control.c:1472:9: warning: implicit declaration of function 'get_rx_time_code_fout'; did you mean 'set_xtest_mode_off'? [-Wimplicit-function-declaration]
   tmp = get_rx_time_code_fout(eth_to_audio_base_0);
         ^~~~~~~~~~~~~~~~~~~~~
         set_xtest_mode_off
src/ui_control.c:1483:14: warning: implicit declaration of function 'get_dac_fifo_occ'; did you mean 'reset_dac_fifos'? [-Wimplicit-function-declaration]
        tmp = get_dac_fifo_occ(eth_to_audio_base_0);
              ^~~~~~~~~~~~~~~~
              reset_dac_fifos
src/ui_control.c:1535:14: warning: implicit declaration of function 'set_buf_corr_window' [-Wimplicit-function-declaration]
              set_buf_corr_window(eth_to_audio_base_0,tmp);
              ^~~~~~~~~~~~~~~~~~~
src/ui_control.c:1543:6: warning: implicit declaration of function 'clear_buf_corr'; did you mean 'clearerr'? [-Wimplicit-function-declaration]
      clear_buf_corr(eth_to_audio_base_0);
      ^~~~~~~~~~~~~~
      clearerr
src/ui_control.c:1545:14: warning: implicit declaration of function 'set_buf_corr_on'; did you mean 'set_sync_on'? [-Wimplicit-function-declaration]
              set_buf_corr_on(eth_to_audio_base_0);
              ^~~~~~~~~~~~~~~
              set_sync_on
src/ui_control.c:1574:11: warning: implicit declaration of function 'get_e2a_status'; did you mean 'read_fifo_status'? [-Wimplicit-function-declaration]
           get_e2a_status(eth_to_audio_base_0);
           ^~~~~~~~~~~~~~
           read_fifo_status
src/ui_control.c: At top level:
src/ui_control.c:2169:6: warning: conflicting types for 'ui_vol_draw'
 void ui_vol_draw () {
      ^~~~~~~~~~~
src/ui_control.c:312:13: note: previous implicit declaration of 'ui_vol_draw' was here
             ui_vol_draw();
             ^~~~~~~~~~~
src/ui_control.c:2625:6: warning: conflicting types for 'update_leds'
 void update_leds(){
      ^~~~~~~~~~~
src/ui_control.c:311:13: note: previous implicit declaration of 'update_leds' was here
             update_leds();
             ^~~~~~~~~~~
src/ui_control.c:3068:6: warning: conflicting types for 'extractIpAddress'
 void extractIpAddress(unsigned char *sourceString,unsigned char *ipAddress)
      ^~~~~~~~~~~~~~~~
src/ui_control.c:1042:11: note: previous implicit declaration of 'extractIpAddress' was here
           extractIpAddress(ip,&ipAddress[0]);
           ^~~~~~~~~~~~~~~~
src/ui_control.c: In function 'print_mac':
src/ui_control.c:3113:20: warning: right shift count >= width of type [-Wshift-count-overflow]
     bytes[4] = (ip >> 32) & 0xFF;
                    ^~
src/ui_control.c:3114:20: warning: right shift count >= width of type [-Wshift-count-overflow]
     bytes[5] = (ip >> 40) & 0xFF;
                    ^~
src/ui_control.c: At top level:
src/ui_control.c:3127:6: warning: conflicting types for 'extractMacAddress'
 void extractMacAddress(unsigned char *sourceString,unsigned char *macAddress)
      ^~~~~~~~~~~~~~~~~
src/ui_control.c:1027:5: note: previous implicit declaration of 'extractMacAddress' was here
     extractMacAddress(ip,&macAddress[0]);
     ^~~~~~~~~~~~~~~~~
arm-linux-gnueabihf-gcc -Isrc/include --std=gnu99 -O0 src/adau1761_controller.o src/zedboardOLED.o src/reg_io.o src/udpclient.o src/stream_control.o src/volume_control.o src/filter_control.o src/ui_control.o src/app_main.o -lrt -lpthread -o cantavi_streamer
arm-linux-gnueabihf-size cantavi_streamer
   text	   data	    bss	    dec	    hex	filename
 188641	   1628	   1116	 191385	  2eb99	cantavi_streamer

13:45:11 Build Finished (took 3s.336ms)

