23:35:48 **** Build of configuration Default for project CantaviStreamerApp9 ****
make all 
arm-linux-gnueabihf-gcc -Isrc/include --std=gnu99 -O0 -c -o src/network.o src/network.c
src/network.c: In function 'print_mac':
src/network.c:70:20: warning: right shift count >= width of type [-Wshift-count-overflow]
     bytes[4] = (ip >> 32) & 0xFF;
                    ^~
src/network.c:71:20: warning: right shift count >= width of type [-Wshift-count-overflow]
     bytes[5] = (ip >> 40) & 0xFF;
                    ^~
arm-linux-gnueabihf-gcc -Isrc/include --std=gnu99 -O0 src/network.o src/adau1761_controller.o src/zedboardOLED.o src/reg_io.o src/udpclient.o src/stream_control.o src/volume_control.o src/filter_control.o src/ui_control.o src/app_main.o -lrt -lpthread -o streamer
arm-linux-gnueabihf-size streamer
   text	   data	    bss	    dec	    hex	filename
 228774	   1680	   1292	 231746	  38942	streamer

23:35:48 Build Finished (took 616ms)

